<html>
<body>
<pre>
<h1>µVision Build Log</h1>
<h2>Tool Versions:</h2>
IDE-Version: ¦ÌVision V5.30.0.0
Copyright (C) 2020 ARM Ltd and ARM Germany GmbH. All rights reserved.
License Information: ASRST CuteSpider, ASRST, LIC=X96CK-ZINCF-MM59I-TQ58L-EUBXD-K64KM
 
Tool Versions:
Toolchain:       MDK-ARM Plus  Version: 5.30.0.0
Toolchain Path:  E:\Keil_v5\ARM\ARMCC\Bin
C Compiler:      Armcc.exe V5.06 update 6 (build 750)
Assembler:       Armasm.exe V5.06 update 6 (build 750)
Linker/Locator:  ArmLink.exe V5.06 update 6 (build 750)
Library Manager: ArmAr.exe V5.06 update 6 (build 750)
Hex Converter:   FromElf.exe V5.06 update 6 (build 750)
CPU DLL:         SARMCM3.DLL V5.30.0.0
Dialog DLL:      DCM.DLL V1.17.3.0
Target DLL:      STLink\ST-LINKIII-KEIL_SWO.dll V3.0.7.0
Dialog DLL:      TCM.DLL V1.42.0.0
 
<h2>Project:</h2>
D:\·É¿Ø×ÊÁÏ\FMU-Hybrid-Rocket\FMU-Hybrid-Rocket\MDK-ARM\FMU.uvprojx
Project File Date:  05/27/2025

<h2>Output:</h2>
*** Using Compiler 'V5.06 update 6 (build 750)', folder: 'E:\Keil_v5\ARM\ARMCC\Bin'
Build target 'FMU'
compiling taskinit.c...
..\Program\Src\taskinit.c(149): warning:  #181-D: argument is incompatible with corresponding format string conversion
  			ControlTime,IMUData.acc_x,IMUData.acc_y,IMUData.acc_z,IMUData.gyr_x,IMUData.gyr_y,IMUData.gyr_z,IMUData.pitch,IMUData.roll,IMUData.yaw,IMUData.pressure,IMUData.height,0,0,0);
..\Program\Src\taskinit.c(149): warning:  #181-D: argument is incompatible with corresponding format string conversion
  			ControlTime,IMUData.acc_x,IMUData.acc_y,IMUData.acc_z,IMUData.gyr_x,IMUData.gyr_y,IMUData.gyr_z,IMUData.pitch,IMUData.roll,IMUData.yaw,IMUData.pressure,IMUData.height,0,0,0);
..\Program\Src\taskinit.c(149): warning:  #181-D: argument is incompatible with corresponding format string conversion
  			ControlTime,IMUData.acc_x,IMUData.acc_y,IMUData.acc_z,IMUData.gyr_x,IMUData.gyr_y,IMUData.gyr_z,IMUData.pitch,IMUData.roll,IMUData.yaw,IMUData.pressure,IMUData.height,0,0,0);
..\Program\Src\taskinit.c(312): warning:  #870-D: invalid multibyte character sequence
  		sprintf(SendBuff,"%sï¼?  lon:%0.8f  lat:%0.8f  alt:%0.8f  vol:%0.2f\r\n",Rocket,GNSSData.lon,GNSSData.lat,GNSSData.alt,voltage);
..\Program\Src\taskinit.c(312): warning:  #167-D: argument of type "uint8_t *" is incompatible with parameter of type "char *__restrict__"
  		sprintf(SendBuff,"%sï¼?  lon:%0.8f  lat:%0.8f  alt:%0.8f  vol:%0.2f\r\n",Rocket,GNSSData.lon,GNSSData.lat,GNSSData.alt,voltage);
..\Program\Src\taskinit.c(313): warning:  #167-D: argument of type "uint8_t *" is incompatible with parameter of type "char *"
  		InfoPrint(PrintChannel,SendBuff);
..\Program\Src\taskinit.c(299): warning:  #550-D: variable "current"  was set but never used
  	double voltage,current;
..\Program\Src\taskinit.c: 7 warnings, 0 errors
linking...
Program Size: Code=64620 RO-data=176464 RW-data=348 ZI-data=37036  
FromELF: creating hex file...
"FMU\FMU.axf" - 0 Error(s), 7 Warning(s).

<h2>Software Packages used:</h2>

Package Vendor: ARM
                http://www.keil.com/pack/ARM.CMSIS.5.9.0.pack
                ARM.CMSIS.5.9.0
                CMSIS (Common Microcontroller Software Interface Standard)
   * Component: CORE Version: 5.6.0

Package Vendor: Keil
                https://www.keil.com/pack/Keil.STM32H7xx_DFP.3.1.1.pack
                Keil.STM32H7xx_DFP.3.1.1
                STMicroelectronics STM32H7 Series Device Support and Examples

<h2>Collection of Component include folders:</h2>
  .\RTE\_FMU
  E:\Users\CuteSpider\AppData\Local\Arm\Packs\ARM\CMSIS\5.9.0\CMSIS\Core\Include
  E:\Users\CuteSpider\AppData\Local\Arm\Packs\Keil\STM32H7xx_DFP\3.1.1\Drivers\CMSIS\Device\ST\STM32H7xx\Include

<h2>Collection of Component Files used:</h2>

   * Component: ARM::CMSIS:CORE:5.6.0
Build Time Elapsed:  00:00:04
</pre>
</body>
</html>
